\BOOKMARK [1][-]{section.1}{\376\377\200\241\171\150\154\140\220\011\142\351}{}% 1
\BOOKMARK [2][-]{subsection.1.1}{\376\377\145\160\143\156\147\145\156\220}{section.1}% 2
\BOOKMARK [2][-]{subsection.1.2}{\376\377\200\241\171\150\220\011\142\351}{section.1}% 3
\BOOKMARK [1][-]{section.2}{\376\377\145\160\143\156\131\004\164\006\116\016\150\067\147\054\147\204\220\040}{}% 4
\BOOKMARK [2][-]{subsection.2.1}{\376\377\145\160\143\156\156\005\155\027}{section.2}% 5
\BOOKMARK [2][-]{subsection.2.2}{\376\377\162\171\137\201\135\345\172\013}{section.2}% 6
\BOOKMARK [2][-]{subsection.2.3}{\376\377\162\171\137\201\134\072\136\246\131\004\164\006\116\016\226\062\154\304\227\062\176\246\147\137}{section.2}% 7
\BOOKMARK [2][-]{subsection.2.4}{\376\377\230\204\155\113\116\373\122\241\116\016\150\007\173\176\147\204\220\040}{section.2}% 8
\BOOKMARK [2][-]{subsection.2.5}{\376\377\156\321\122\250\172\227\123\343\150\067\147\054\147\204\220\040}{section.2}% 9
\BOOKMARK [2][-]{subsection.2.6}{\376\377\213\255\176\303\226\306\116\016\232\214\213\301\226\306\122\022\122\006}{section.2}% 10
\BOOKMARK [2][-]{subsection.2.7}{\376\377\145\160\143\156\154\304\227\062\226\062\203\003}{section.2}% 11
\BOOKMARK [1][-]{section.3}{\376\377\152\041\127\213\123\237\164\006\116\016\133\236\163\260}{}% 12
\BOOKMARK [2][-]{subsection.3.1}{\376\377\000G\000R\000U\000\040\152\041\127\213\123\237\164\006}{section.3}% 13
\BOOKMARK [2][-]{subsection.3.2}{\376\377\147\054\230\171\166\356\000\040\000G\000R\000U\000\040\133\236\163\260}{section.3}% 14
\BOOKMARK [2][-]{subsection.3.3}{\376\377\000T\000r\000a\000n\000s\000f\000o\000r\000m\000e\000r\000\040\152\041\127\213\123\237\164\006}{section.3}% 15
\BOOKMARK [2][-]{subsection.3.4}{\376\377\000G\000R\000U\000\040\116\016\000\040\000T\000r\000a\000n\000s\000f\000o\000r\000m\000e\000r\000\040\127\050\147\054\116\373\122\241\116\055\166\204\211\322\202\162\122\022\122\006}{section.3}% 16
\BOOKMARK [1][-]{section.4}{\376\377\152\041\127\213\121\205\220\350\155\210\207\215\116\016\147\000\176\310\162\110\147\054\220\011\142\351}{}% 17
\BOOKMARK [2][-]{subsection.4.1}{\376\377\000G\000R\000U\000\040\152\041\127\213\155\210\207\215\116\016\162\110\147\054\220\011\142\351}{section.4}% 18
\BOOKMARK [3][-]{subsubsection.4.1.1}{\376\377\127\372\170\100\000\040\000G\000R\000U\000\040\116\016\162\171\137\201\124\010\124\014\157\024\217\333}{subsection.4.1}% 19
\BOOKMARK [3][-]{subsubsection.4.1.2}{\376\377\000R\000e\000s\000i\000d\000u\000a\000l\000-\000s\000t\000y\000l\000e\000\040\162\171\137\201\122\040\226\144\155\210\207\215}{subsection.4.1}% 20
\BOOKMARK [3][-]{subsubsection.4.1.3}{\376\377\000F\000e\000a\000t\000u\000r\000e\000-\000s\000t\000y\000l\000e\000\040\000i\000n\000t\000e\000r\000a\000c\000t\000i\000o\000n\000\040\000G\000R\000U\000\040\166\204\176\323\147\204\123\107\176\247}{subsection.4.1}% 21
\BOOKMARK [3][-]{subsubsection.4.1.4}{\376\377\126\336\167\013\172\227\123\343\220\011\142\351\377\032\000L\0002\0000\000\040\116\016\000\040\000L\0006\0000}{subsection.4.1}% 22
\BOOKMARK [2][-]{subsection.4.2}{\376\377\000T\000r\000a\000n\000s\000f\000o\000r\000m\000e\000r\000\040\152\041\127\213\155\210\207\215\116\016\162\110\147\054\220\011\142\351}{section.4}% 23
\BOOKMARK [1][-]{section.5}{\376\377\121\273\176\323\152\041\127\213\133\236\166\330\173\126\165\145\131\015\166\330\213\304\155\113}{}% 24
\BOOKMARK [2][-]{subsection.5.1}{\376\377\000T\000o\000p\000K\000\040\173\200\123\026\145\271\150\110\131\015\166\330\213\304\155\113}{section.5}% 25
\BOOKMARK [2][-]{subsection.5.2}{\376\377\000G\000R\000U\000\040\000l\000i\000v\000e\000\040\000o\000p\000t\000i\000m\000i\000z\000e\000r\000\040\176\304\124\010\117\030\123\026\145\271\150\110\131\015\166\330\213\304\155\113}{section.5}% 26
\BOOKMARK [2][-]{subsection.5.3}{\376\377\214\003\116\323\230\221\163\207\122\006\147\220}{section.5}% 27
\BOOKMARK [1][-]{section.6}{\376\377\152\041\142\337\116\244\146\023\217\307\172\013\060\001\145\066\166\312\213\260\137\125\116\016\116\000\201\364\140\047\131\015\166\330}{}% 28
\BOOKMARK [2][-]{subsection.6.1}{\376\377\152\041\142\337\116\244\146\023\127\372\147\054\211\304\122\031\116\016\142\147\210\114\155\101\172\013}{section.6}% 29
\BOOKMARK [2][-]{subsection.6.2}{\376\377\152\041\142\337\116\244\146\023\116\000\201\364\140\047\131\015\166\330\210\150}{section.6}% 30
\BOOKMARK [2][-]{subsection.6.3}{\376\377\152\041\142\337\116\244\146\023\145\066\166\312\116\016\142\052\126\376\213\301\146\016}{section.6}% 31
\BOOKMARK [2][-]{subsection.6.4}{\376\377\152\041\142\337\116\244\146\023\120\117\135\356\122\006\147\220}{section.6}% 32
\BOOKMARK [1][-]{section.7}{\376\377\133\236\232\214\116\256\160\271\060\001\225\356\230\230\123\315\140\035\116\016\145\071\217\333\145\271\124\021}{}% 33
\BOOKMARK [2][-]{subsection.7.1}{\376\377\133\236\232\214\116\256\160\271}{section.7}% 34
\BOOKMARK [2][-]{subsection.7.2}{\376\377\116\073\211\201\225\356\230\230\116\016\123\315\140\035}{section.7}% 35
\BOOKMARK [2][-]{subsection.7.3}{\376\377\124\016\176\355\145\071\217\333\145\271\124\021}{section.7}% 36
\BOOKMARK [1][-]{section.8}{\376\377\131\015\163\260\213\364\146\016\116\016\143\320\116\244\147\120\145\231}{}% 37
\BOOKMARK [2][-]{subsection.8.1}{\376\377\116\343\170\001\176\323\147\204\116\016\217\320\210\114\213\364\146\016}{section.8}% 38
\BOOKMARK [2][-]{subsection.8.2}{\376\377\143\320\116\244\147\120\145\231\156\005\123\125}{section.8}% 39
\BOOKMARK [1][-]{section*.18}{\376\377\126\342\226\037\142\020\124\130\122\006\135\345\213\364\146\016}{}% 40
\BOOKMARK [1][-]{section*.19}{\376\377\116\052\116\272\141\037\140\237}{}% 41
